// Jest Snapshot v1, https://goo.gl/fbAQLP

exports[`UsedInApp should render correctly 1`] = `
<div>
  <h3>
    Used in This App:
  </h3>
  <ul>
    <li>
      React
    </li>
    <li>
      Node
    </li>
    <li>
      Webpack
    </li>
    <li>
      RESTful APIs
    </li>
    <li>
      MongoDB
    </li>
  </ul>
</div>
`;
